// Jest Snapshot v1, https://goo.gl/fbAQLP

exports[`<LearnConditionalProbability /> renders a learning component 1`] = `
<div
  className="card"
>
  <div
    className="card-body"
  >
    <p>
      consider-events
       
      <span
        className="input"
        style={{}}
      >
        <span />
        <input
          className="text-inline-input"
          id="dynamic-text-input-1"
          name="input"
          onChange={[Function]}
          onKeyDown={[Function]}
          onKeyPress={[Function]}
          onKeyUp={[Function]}
          placeholder="enter-text"
          style={
            {
              "width": 80,
            }
          }
          type="text"
          value="A"
        />
        <span />
      </span>
       
      and
       
      <span
        className="input"
        style={{}}
      >
        <span />
        <input
          className="text-inline-input"
          id="dynamic-text-input-2"
          name="input"
          onChange={[Function]}
          onKeyDown={[Function]}
          onKeyPress={[Function]}
          onKeyUp={[Function]}
          placeholder="enter-text"
          style={
            {
              "width": 80,
            }
          }
          type="text"
          value="B"
        />
        <span />
      </span>
      . 
      let
       
      <div />
      <span
        className="input"
        onBlur={[Function]}
        onFocus={[Function]}
        onMouseOut={[Function]}
        onMouseOver={[Function]}
        style={
          {
            "padding": "5px",
          }
        }
      >
        <input
          autoComplete="off"
          className="number-number-input"
          disabled={false}
          id="dynamic-number-input-1"
          max={1}
          min={0}
          name="input"
          onBlur={[Function]}
          onChange={[Function]}
          onKeyDown={[Function]}
          onKeyPress={[Function]}
          onKeyUp={[Function]}
          placeholder="0"
          step={0.01}
          style={
            {
              "marginLeft": "3px",
              "paddingLeft": "6px",
              "width": "80px",
            }
          }
          type="number"
          value={0.5}
        />
        <span />
      </span>
       
      and
       
      <div />
      <span
        className="input"
        onBlur={[Function]}
        onFocus={[Function]}
        onMouseOut={[Function]}
        onMouseOver={[Function]}
        style={
          {
            "padding": "5px",
          }
        }
      >
        <input
          autoComplete="off"
          className="number-number-input"
          disabled={false}
          id="dynamic-number-input-2"
          max={1}
          min={0}
          name="input"
          onBlur={[Function]}
          onChange={[Function]}
          onKeyDown={[Function]}
          onKeyPress={[Function]}
          onKeyUp={[Function]}
          placeholder="0"
          step={0.01}
          style={
            {
              "marginLeft": "3px",
              "paddingLeft": "6px",
              "width": "80px",
            }
          }
          type="number"
          value={0.5}
        />
        <span />
      </span>
      . 
      then-we-have
       
      <div />
       
      and
       
      <div />
      . 
      these-form-marginals
    </p>
    <div
      className="container"
    >
      <div
        className="row"
      >
        <div
          className="col-sm-6"
        >
          <p>
            inner-cells-equal
             
            <div />
            . 
          </p>
          <table
            className="table-bordered"
          >
            <tbody>
              <tr>
                <th />
                <th>
                  B
                </th>
                <th>
                  not
                   
                  B
                </th>
              </tr>
              <tr>
                <th>
                  A
                </th>
                <td>
                  <span
                    className="input"
                    onBlur={[Function]}
                    onFocus={[Function]}
                    onMouseOut={[Function]}
                    onMouseOver={[Function]}
                    style={
                      {
                        "padding": "5px",
                      }
                    }
                  >
                    <input
                      autoComplete="off"
                      className="number-number-input"
                      disabled={false}
                      id="dynamic-number-input-3"
                      max={0.5}
                      min={0}
                      name="input"
                      onBlur={[Function]}
                      onChange={[Function]}
                      onKeyDown={[Function]}
                      onKeyPress={[Function]}
                      onKeyUp={[Function]}
                      placeholder="0"
                      step={0.01}
                      style={
                        {
                          "marginLeft": "3px",
                          "paddingLeft": "6px",
                          "width": "80px",
                        }
                      }
                      type="number"
                      value={0.25}
                    />
                    <span />
                  </span>
                </td>
                <td>
                  <span
                    className="input"
                    onBlur={[Function]}
                    onFocus={[Function]}
                    onMouseOut={[Function]}
                    onMouseOver={[Function]}
                    style={
                      {
                        "padding": "5px",
                      }
                    }
                  >
                    <input
                      autoComplete="off"
                      className="number-number-input"
                      disabled={false}
                      id="dynamic-number-input-4"
                      max={0.5}
                      min={0}
                      name="input"
                      onBlur={[Function]}
                      onChange={[Function]}
                      onKeyDown={[Function]}
                      onKeyPress={[Function]}
                      onKeyUp={[Function]}
                      placeholder="0"
                      step={0.01}
                      style={
                        {
                          "marginLeft": "3px",
                          "paddingLeft": "6px",
                          "width": "80px",
                        }
                      }
                      type="number"
                      value={0.25}
                    />
                    <span />
                  </span>
                </td>
                <td>
                  0.5
                </td>
              </tr>
              <tr>
                <th>
                  not
                   
                  A
                </th>
                <td>
                  <span
                    className="input"
                    onBlur={[Function]}
                    onFocus={[Function]}
                    onMouseOut={[Function]}
                    onMouseOver={[Function]}
                    style={
                      {
                        "padding": "5px",
                      }
                    }
                  >
                    <input
                      autoComplete="off"
                      className="number-number-input"
                      disabled={false}
                      id="dynamic-number-input-5"
                      max={0.5}
                      min={0}
                      name="input"
                      onBlur={[Function]}
                      onChange={[Function]}
                      onKeyDown={[Function]}
                      onKeyPress={[Function]}
                      onKeyUp={[Function]}
                      placeholder="0"
                      step={0.01}
                      style={
                        {
                          "marginLeft": "3px",
                          "paddingLeft": "6px",
                          "width": "80px",
                        }
                      }
                      type="number"
                      value={0.25}
                    />
                    <span />
                  </span>
                </td>
                <td>
                  <span
                    className="input"
                    onBlur={[Function]}
                    onFocus={[Function]}
                    onMouseOut={[Function]}
                    onMouseOver={[Function]}
                    style={
                      {
                        "padding": "5px",
                      }
                    }
                  >
                    <input
                      autoComplete="off"
                      className="number-number-input"
                      disabled={false}
                      id="dynamic-number-input-6"
                      max={0.5}
                      min={0}
                      name="input"
                      onBlur={[Function]}
                      onChange={[Function]}
                      onKeyDown={[Function]}
                      onKeyPress={[Function]}
                      onKeyUp={[Function]}
                      placeholder="0"
                      step={0.01}
                      style={
                        {
                          "marginLeft": "3px",
                          "paddingLeft": "6px",
                          "width": "80px",
                        }
                      }
                      type="number"
                      value={0.25}
                    />
                    <span />
                  </span>
                </td>
                <td>
                  0.5
                </td>
              </tr>
              <tr>
                <th />
                <td>
                  0.5
                </td>
                <td>
                  0.5
                </td>
                <td>
                  1.0
                </td>
              </tr>
            </tbody>
          </table>
          <br />
          <table
            className="table-bordered"
          >
            <tbody>
              <tr>
                <th />
                <th>
                   
                  B
                   
                </th>
                <th>
                  not
                   
                  B
                   
                </th>
              </tr>
              <tr>
                <th>
                   
                  A
                   
                </th>
                <td>
                  <div />
                </td>
                <td>
                  <div />
                </td>
                <td>
                  <div />
                </td>
              </tr>
              <tr>
                <th>
                  not
                   
                  A
                </th>
                <td>
                  <div />
                </td>
                <td>
                  <div />
                </td>
                <td>
                  <div />
                </td>
              </tr>
              <tr>
                <th />
                <td>
                  <div />
                </td>
                <td>
                  <div />
                </td>
                <td>
                  <div />
                </td>
              </tr>
            </tbody>
          </table>
          <br />
          <div
            className="row"
          >
            <span>
              choose
            </span>
            <span
              className="input"
              onBlur={[Function]}
              onFocus={[Function]}
              onMouseOut={[Function]}
              onMouseOver={[Function]}
              style={
                {
                  "padding": "5px",
                }
              }
            >
              <label
                htmlFor="dynamic-number-input-7"
              >
                 
                <div />
                 =  
              </label>
              <input
                autoComplete="off"
                className="number-number-input"
                disabled={false}
                id="dynamic-number-input-7"
                max={1}
                min={0}
                name="input"
                onBlur={[Function]}
                onChange={[Function]}
                onKeyDown={[Function]}
                onKeyPress={[Function]}
                onKeyUp={[Function]}
                placeholder="0"
                step={0.001}
                style={
                  {
                    "marginLeft": "3px",
                    "paddingLeft": "6px",
                    "width": "80px",
                  }
                }
                type="number"
                value={0.5}
              />
              <span />
            </span>
            <span>
              and
            </span>
            <span
              className="input"
              onBlur={[Function]}
              onFocus={[Function]}
              onMouseOut={[Function]}
              onMouseOver={[Function]}
              style={
                {
                  "padding": "5px",
                }
              }
            >
              <label
                htmlFor="dynamic-number-input-8"
              >
                 
                <div />
                 =  
              </label>
              <input
                autoComplete="off"
                className="number-number-input"
                disabled={false}
                id="dynamic-number-input-8"
                max={1}
                min={0}
                name="input"
                onBlur={[Function]}
                onChange={[Function]}
                onKeyDown={[Function]}
                onKeyPress={[Function]}
                onKeyUp={[Function]}
                placeholder="0"
                step={0.001}
                style={
                  {
                    "marginLeft": "3px",
                    "paddingLeft": "6px",
                    "width": "80px",
                  }
                }
                type="number"
                value={0.5}
              />
              <span />
            </span>
          </div>
        </div>
        <div
          className="col-sm-5"
        >
          <p>
            conditional-probabilities
          </p>
          <div
            className="container"
          >
            <div
              className="row"
            >
              <div
                className="col-md-12"
              >
                <div
                  className="VictoryContainer"
                  style={
                    {
                      "height": "100%",
                      "pointerEvents": "none",
                      "position": "relative",
                      "touchAction": "none",
                      "userSelect": "none",
                      "width": "100%",
                    }
                  }
                >
                  <svg
                    height={350}
                    role="img"
                    style={
                      {
                        "height": "100%",
                        "pointerEvents": "all",
                        "width": "100%",
                      }
                    }
                    viewBox="0 0 350 350"
                    width={350}
                  >
                    <g
                      role="presentation"
                    >
                      <line
                        role="presentation"
                        shapeRendering="auto"
                        style={
                          {
                            "fill": "transparent",
                            "stroke": "#90A4AE",
                            "strokeLinecap": "round",
                            "strokeLinejoin": "round",
                            "strokeWidth": 2,
                          }
                        }
                        vectorEffect="non-scaling-stroke"
                        x1={50}
                        x2={50}
                        y1={50}
                        y2={300}
                      />
                      <g
                        role="presentation"
                      >
                        <line
                          role="presentation"
                          shapeRendering="auto"
                          style={
                            {
                              "fill": "none",
                              "pointerEvents": "painted",
                              "stroke": "#ECEFF1",
                              "strokeDasharray": "10, 5",
                              "strokeLinecap": "round",
                              "strokeLinejoin": "round",
                            }
                          }
                          vectorEffect="non-scaling-stroke"
                          x1={50}
                          x2={300}
                          y1={253.9764359351988}
                          y2={253.9764359351988}
                        />
                        <line
                          role="presentation"
                          shapeRendering="auto"
                          style={
                            {
                              "fill": "transparent",
                              "size": 5,
                              "stroke": "#90A4AE",
                              "strokeLinecap": "round",
                              "strokeLinejoin": "round",
                              "strokeWidth": 1,
                            }
                          }
                          vectorEffect="non-scaling-stroke"
                          x1={50}
                          x2={45}
                          y1={253.9764359351988}
                          y2={253.9764359351988}
                        />
                        <text
                          direction="inherit"
                          dx={0}
                          id="chart-axis-0-tickLabels-0"
                          x={37}
                          y={258.2364359351988}
                        >
                          <tspan
                            dx={0}
                            dy={0}
                            style={
                              {
                                "fill": "#455A64",
                                "fontFamily": "'Helvetica Neue', 'Helvetica', sans-serif",
                                "fontSize": 12,
                                "letterSpacing": "normal",
                                "padding": 8,
                                "stroke": "transparent",
                                "strokeWidth": 0,
                              }
                            }
                            textAnchor="end"
                            x={37}
                          >
                            0.2
                          </tspan>
                        </text>
                      </g>
                      <g
                        role="presentation"
                      >
                        <line
                          role="presentation"
                          shapeRendering="auto"
                          style={
                            {
                              "fill": "none",
                              "pointerEvents": "painted",
                              "stroke": "#ECEFF1",
                              "strokeDasharray": "10, 5",
                              "strokeLinecap": "round",
                              "strokeLinejoin": "round",
                            }
                          }
                          vectorEffect="non-scaling-stroke"
                          x1={50}
                          x2={300}
                          y1={207.95287187039764}
                          y2={207.95287187039764}
                        />
                        <line
                          role="presentation"
                          shapeRendering="auto"
                          style={
                            {
                              "fill": "transparent",
                              "size": 5,
                              "stroke": "#90A4AE",
                              "strokeLinecap": "round",
                              "strokeLinejoin": "round",
                              "strokeWidth": 1,
                            }
                          }
                          vectorEffect="non-scaling-stroke"
                          x1={50}
                          x2={45}
                          y1={207.95287187039764}
                          y2={207.95287187039764}
                        />
                        <text
                          direction="inherit"
                          dx={0}
                          id="chart-axis-0-tickLabels-1"
                          x={37}
                          y={212.21287187039763}
                        >
                          <tspan
                            dx={0}
                            dy={0}
                            style={
                              {
                                "fill": "#455A64",
                                "fontFamily": "'Helvetica Neue', 'Helvetica', sans-serif",
                                "fontSize": 12,
                                "letterSpacing": "normal",
                                "padding": 8,
                                "stroke": "transparent",
                                "strokeWidth": 0,
                              }
                            }
                            textAnchor="end"
                            x={37}
                          >
                            0.4
                          </tspan>
                        </text>
                      </g>
                      <g
                        role="presentation"
                      >
                        <line
                          role="presentation"
                          shapeRendering="auto"
                          style={
                            {
                              "fill": "none",
                              "pointerEvents": "painted",
                              "stroke": "#ECEFF1",
                              "strokeDasharray": "10, 5",
                              "strokeLinecap": "round",
                              "strokeLinejoin": "round",
                            }
                          }
                          vectorEffect="non-scaling-stroke"
                          x1={50}
                          x2={300}
                          y1={161.92930780559644}
                          y2={161.92930780559644}
                        />
                        <line
                          role="presentation"
                          shapeRendering="auto"
                          style={
                            {
                              "fill": "transparent",
                              "size": 5,
                              "stroke": "#90A4AE",
                              "strokeLinecap": "round",
                              "strokeLinejoin": "round",
                              "strokeWidth": 1,
                            }
                          }
                          vectorEffect="non-scaling-stroke"
                          x1={50}
                          x2={45}
                          y1={161.92930780559644}
                          y2={161.92930780559644}
                        />
                        <text
                          direction="inherit"
                          dx={0}
                          id="chart-axis-0-tickLabels-2"
                          x={37}
                          y={166.18930780559643}
                        >
                          <tspan
                            dx={0}
                            dy={0}
                            style={
                              {
                                "fill": "#455A64",
                                "fontFamily": "'Helvetica Neue', 'Helvetica', sans-serif",
                                "fontSize": 12,
                                "letterSpacing": "normal",
                                "padding": 8,
                                "stroke": "transparent",
                                "strokeWidth": 0,
                              }
                            }
                            textAnchor="end"
                            x={37}
                          >
                            0.6
                          </tspan>
                        </text>
                      </g>
                      <g
                        role="presentation"
                      >
                        <line
                          role="presentation"
                          shapeRendering="auto"
                          style={
                            {
                              "fill": "none",
                              "pointerEvents": "painted",
                              "stroke": "#ECEFF1",
                              "strokeDasharray": "10, 5",
                              "strokeLinecap": "round",
                              "strokeLinejoin": "round",
                            }
                          }
                          vectorEffect="non-scaling-stroke"
                          x1={50}
                          x2={300}
                          y1={115.90574374079529}
                          y2={115.90574374079529}
                        />
                        <line
                          role="presentation"
                          shapeRendering="auto"
                          style={
                            {
                              "fill": "transparent",
                              "size": 5,
                              "stroke": "#90A4AE",
                              "strokeLinecap": "round",
                              "strokeLinejoin": "round",
                              "strokeWidth": 1,
                            }
                          }
                          vectorEffect="non-scaling-stroke"
                          x1={50}
                          x2={45}
                          y1={115.90574374079529}
                          y2={115.90574374079529}
                        />
                        <text
                          direction="inherit"
                          dx={0}
                          id="chart-axis-0-tickLabels-3"
                          x={37}
                          y={120.16574374079529}
                        >
                          <tspan
                            dx={0}
                            dy={0}
                            style={
                              {
                                "fill": "#455A64",
                                "fontFamily": "'Helvetica Neue', 'Helvetica', sans-serif",
                                "fontSize": 12,
                                "letterSpacing": "normal",
                                "padding": 8,
                                "stroke": "transparent",
                                "strokeWidth": 0,
                              }
                            }
                            textAnchor="end"
                            x={37}
                          >
                            0.8
                          </tspan>
                        </text>
                      </g>
                      <g
                        role="presentation"
                      >
                        <line
                          role="presentation"
                          shapeRendering="auto"
                          style={
                            {
                              "fill": "none",
                              "pointerEvents": "painted",
                              "stroke": "#ECEFF1",
                              "strokeDasharray": "10, 5",
                              "strokeLinecap": "round",
                              "strokeLinejoin": "round",
                            }
                          }
                          vectorEffect="non-scaling-stroke"
                          x1={50}
                          x2={300}
                          y1={69.88217967599412}
                          y2={69.88217967599412}
                        />
                        <line
                          role="presentation"
                          shapeRendering="auto"
                          style={
                            {
                              "fill": "transparent",
                              "size": 5,
                              "stroke": "#90A4AE",
                              "strokeLinecap": "round",
                              "strokeLinejoin": "round",
                              "strokeWidth": 1,
                            }
                          }
                          vectorEffect="non-scaling-stroke"
                          x1={50}
                          x2={45}
                          y1={69.88217967599412}
                          y2={69.88217967599412}
                        />
                        <text
                          direction="inherit"
                          dx={0}
                          id="chart-axis-0-tickLabels-4"
                          x={37}
                          y={74.14217967599413}
                        >
                          <tspan
                            dx={0}
                            dy={0}
                            style={
                              {
                                "fill": "#455A64",
                                "fontFamily": "'Helvetica Neue', 'Helvetica', sans-serif",
                                "fontSize": 12,
                                "letterSpacing": "normal",
                                "padding": 8,
                                "stroke": "transparent",
                                "strokeWidth": 0,
                              }
                            }
                            textAnchor="end"
                            x={37}
                          >
                            1
                          </tspan>
                        </text>
                      </g>
                    </g>
                    <g
                      role="presentation"
                    >
                      <line
                        role="presentation"
                        shapeRendering="auto"
                        style={
                          {
                            "fill": "transparent",
                            "stroke": "#90A4AE",
                            "strokeLinecap": "round",
                            "strokeLinejoin": "round",
                            "strokeWidth": 2,
                          }
                        }
                        vectorEffect="non-scaling-stroke"
                        x1={50}
                        x2={300}
                        y1={300}
                        y2={300}
                      />
                      <g
                        role="presentation"
                      >
                        <line
                          role="presentation"
                          shapeRendering="auto"
                          style={
                            {
                              "fill": "none",
                              "pointerEvents": "painted",
                              "stroke": "#ECEFF1",
                              "strokeDasharray": "10, 5",
                              "strokeLinecap": "round",
                              "strokeLinejoin": "round",
                            }
                          }
                          vectorEffect="non-scaling-stroke"
                          x1={100}
                          x2={100}
                          y1={300}
                          y2={50}
                        />
                        <line
                          role="presentation"
                          shapeRendering="auto"
                          style={
                            {
                              "fill": "transparent",
                              "size": 5,
                              "stroke": "#90A4AE",
                              "strokeLinecap": "round",
                              "strokeLinejoin": "round",
                              "strokeWidth": 1,
                            }
                          }
                          vectorEffect="non-scaling-stroke"
                          x1={100}
                          x2={100}
                          y1={300}
                          y2={305}
                        />
                        <text
                          direction="inherit"
                          dx={0}
                          id="chart-axis-1-tickLabels-0"
                          x={100}
                          y={323.26}
                        >
                          <tspan
                            dx={0}
                            dy={0}
                            style={
                              {
                                "fill": "#455A64",
                                "fontFamily": "'Helvetica Neue', 'Helvetica', sans-serif",
                                "fontSize": 12,
                                "letterSpacing": "normal",
                                "padding": 8,
                                "stroke": "transparent",
                                "strokeWidth": 0,
                              }
                            }
                            textAnchor="middle"
                            x={100}
                          >
                            P(A|B)
                          </tspan>
                        </text>
                      </g>
                      <g
                        role="presentation"
                      >
                        <line
                          role="presentation"
                          shapeRendering="auto"
                          style={
                            {
                              "fill": "none",
                              "pointerEvents": "painted",
                              "stroke": "#ECEFF1",
                              "strokeDasharray": "10, 5",
                              "strokeLinecap": "round",
                              "strokeLinejoin": "round",
                            }
                          }
                          vectorEffect="non-scaling-stroke"
                          x1={249.99999999999997}
                          x2={249.99999999999997}
                          y1={300}
                          y2={50}
                        />
                        <line
                          role="presentation"
                          shapeRendering="auto"
                          style={
                            {
                              "fill": "transparent",
                              "size": 5,
                              "stroke": "#90A4AE",
                              "strokeLinecap": "round",
                              "strokeLinejoin": "round",
                              "strokeWidth": 1,
                            }
                          }
                          vectorEffect="non-scaling-stroke"
                          x1={249.99999999999997}
                          x2={249.99999999999997}
                          y1={300}
                          y2={305}
                        />
                        <text
                          direction="inherit"
                          dx={0}
                          id="chart-axis-1-tickLabels-1"
                          x={249.99999999999997}
                          y={323.26}
                        >
                          <tspan
                            dx={0}
                            dy={0}
                            style={
                              {
                                "fill": "#455A64",
                                "fontFamily": "'Helvetica Neue', 'Helvetica', sans-serif",
                                "fontSize": 12,
                                "letterSpacing": "normal",
                                "padding": 8,
                                "stroke": "transparent",
                                "strokeWidth": 0,
                              }
                            }
                            textAnchor="middle"
                            x={249.99999999999997}
                          >
                            P(A|not B)
                          </tspan>
                        </text>
                      </g>
                    </g>
                    <g
                      role="presentation"
                    >
                      <path
                        d="M 84.375, 300 
A 0 0 0 0 1, 84.375, 300 
L 84.375, 184.94108983799708 
A 0 0 0 0 1, 84.375, 184.94108983799708 
L 115.625, 184.94108983799708 
A 0 0 0 0 1, 115.625, 184.94108983799708 
L 115.625, 300 
A 0 0 0 0 1, 115.625, 300 
 z"
                        index={0}
                        role="presentation"
                        shapeRendering="auto"
                        style={
                          {
                            "fill": "#455A64",
                            "padding": 8,
                            "stroke": "#455A64",
                            "strokeWidth": 0,
                          }
                        }
                      />
                      <path
                        d="M 234.37499999999997, 300 
A 0 0 0 0 1, 234.37499999999997, 300 
L 234.37499999999997, 184.94108983799708 
A 0 0 0 0 1, 234.37499999999997, 184.94108983799708 
L 265.625, 184.94108983799708 
A 0 0 0 0 1, 265.625, 184.94108983799708 
L 265.625, 300 
A 0 0 0 0 1, 265.625, 300 
 z"
                        index={1}
                        role="presentation"
                        shapeRendering="auto"
                        style={
                          {
                            "fill": "#455A64",
                            "padding": 8,
                            "stroke": "#455A64",
                            "strokeWidth": 0,
                          }
                        }
                      />
                      <text
                        direction="inherit"
                        dx={0}
                        id="chart-bar-2-labels-0"
                        x={100}
                        y={175.20108983799707}
                      >
                        <tspan
                          dx={0}
                          dy={0}
                          style={
                            {
                              "fill": "#455A64",
                              "fontFamily": "'Helvetica Neue', 'Helvetica', sans-serif",
                              "fontSize": 12,
                              "letterSpacing": "normal",
                              "padding": 8,
                              "stroke": "transparent",
                              "strokeWidth": 0,
                            }
                          }
                          textAnchor="middle"
                          x={100}
                        >
                          1.849
                        </tspan>
                      </text>
                      <text
                        direction="inherit"
                        dx={0}
                        id="chart-bar-2-labels-1"
                        x={249.99999999999997}
                        y={175.20108983799707}
                      >
                        <tspan
                          dx={0}
                          dy={0}
                          style={
                            {
                              "fill": "#455A64",
                              "fontFamily": "'Helvetica Neue', 'Helvetica', sans-serif",
                              "fontSize": 12,
                              "letterSpacing": "normal",
                              "padding": 8,
                              "stroke": "transparent",
                              "strokeWidth": 0,
                            }
                          }
                          textAnchor="middle"
                          x={249.99999999999997}
                        >
                          1.849
                        </tspan>
                      </text>
                    </g>
                    <g
                      clipPath="url(#victory-clip-2)"
                      style={
                        {
                          "height": "100%",
                          "userSelect": "none",
                          "width": "100%",
                        }
                      }
                    >
                      <defs>
                        <clipPath
                          id="victory-clip-2"
                        >
                          <rect
                            height={250}
                            vectorEffect="non-scaling-stroke"
                            width={250}
                            x={50}
                            y={50}
                          />
                        </clipPath>
                      </defs>
                      <path
                        d="M100,184.94108983799708L249.99999999999997,184.94108983799708"
                        role="presentation"
                        shapeRendering="auto"
                        style={
                          {
                            "fill": "transparent",
                            "opacity": 1,
                            "pointerEvents": "stroke",
                            "stroke": "#455A64",
                            "strokeWidth": 2,
                          }
                        }
                      />
                    </g>
                  </svg>
                  <div
                    style={
                      {
                        "height": "100%",
                        "left": 0,
                        "position": "absolute",
                        "top": 0,
                        "width": "100%",
                        "zIndex": 99,
                      }
                    }
                  >
                    <svg
                      height={350}
                      style={
                        {
                          "height": "100%",
                          "overflow": "visible",
                          "width": "100%",
                        }
                      }
                      viewBox="0 0 350 350"
                      width={350}
                    />
                  </div>
                </div>
              </div>
            </div>
            <div
              className="row"
            >
              <p>
                events-independent
              </p>
              <div />
            </div>
          </div>
        </div>
        <div
          className="col-sm-1"
        >
          <div
            className="feedback-buttons "
            id="independence_applet"
          >
            <div
              className="btn-group-vertical"
              role="group"
              style={
                {
                  "float": "right",
                }
              }
            >
              <button
                aria-label="Confused"
                className="feedback-button btn btn-light btn-small"
                disabled={false}
                onBlur={[Function]}
                onClick={[Function]}
                onFocus={[Function]}
                onMouseOut={[Function]}
                onMouseOver={[Function]}
                type="button"
              >
                <test-file-stub
                  className="feedback-icon"
                />
              </button>
              <button
                aria-label="Understood"
                className="feedback-button btn btn-light btn-small"
                disabled={false}
                onBlur={[Function]}
                onClick={[Function]}
                onFocus={[Function]}
                onMouseOut={[Function]}
                onMouseOver={[Function]}
                type="button"
              >
                <test-file-stub
                  className="feedback-icon"
                />
              </button>
              <button
                aria-label="give-custom-feedback"
                className="feedback-button btn btn-light btn-small"
                disabled={false}
                onBlur={[Function]}
                onClick={[Function]}
                onFocus={[Function]}
                onMouseOut={[Function]}
                onMouseOver={[Function]}
                type="button"
              >
                <test-file-stub
                  className="feedback-icon"
                />
              </button>
              <div />
            </div>
          </div>
        </div>
      </div>
    </div>
  </div>
</div>
`;
