// Jest Snapshot v1, https://goo.gl/fbAQLP

exports[`<DraggableList /> renders a draggable list 1`] = `
<div
  className=""
  style={
    {
      "margin": "0 auto 10px",
      "maxWidth": "600px",
    }
  }
>
  <div
    data-handler-id="T0"
    style={
      {
        "backgroundColor": "white",
        "border": "1px dashed gray",
        "cursor": "move",
        "marginBottom": ".5rem",
        "opacity": 1,
        "padding": "0.5rem 1rem",
      }
    }
  >
    Compact
  </div>
  <div
    data-handler-id="T2"
    style={
      {
        "backgroundColor": "white",
        "border": "1px dashed gray",
        "cursor": "move",
        "marginBottom": ".5rem",
        "opacity": 1,
        "padding": "0.5rem 1rem",
      }
    }
  >
    Large
  </div>
  <div
    data-handler-id="T4"
    style={
      {
        "backgroundColor": "white",
        "border": "1px dashed gray",
        "cursor": "move",
        "marginBottom": ".5rem",
        "opacity": 1,
        "padding": "0.5rem 1rem",
      }
    }
  >
    Midsize
  </div>
  <div
    data-handler-id="T6"
    style={
      {
        "backgroundColor": "white",
        "border": "1px dashed gray",
        "cursor": "move",
        "marginBottom": ".5rem",
        "opacity": 1,
        "padding": "0.5rem 1rem",
      }
    }
  >
    Small
  </div>
</div>
`;
