// Jest Snapshot v1, https://goo.gl/fbAQLP

exports[`renders an engagement meter 1`] = `
<div
  className="score-bottom"
>
  <span
    className="score-bottom-text"
  >
    Engagement Meter
  </span>
  <div
    className="score-setter react-draggable"
    onMouseDown={[Function]}
    onMouseUp={[Function]}
    onTouchEnd={[Function]}
    onTouchStart={[Function]}
    style={
      Object {
        "touchAction": "none",
        "transform": "translate(0px,0px)",
      }
    }
    transform={null}
  />
  <div
    className="progress"
    style={
      Object {
        "marginTop": 23,
      }
    }
  >
    <div
      aria-valuemax={100}
      aria-valuemin={0}
      aria-valuenow={50}
      className="progress-bar bg-success progress-bar-animated progress-bar-striped"
      role="progressbar"
      style={
        Object {
          "width": "50%",
        }
      }
    />
    <div
      aria-valuemax={100}
      aria-valuemin={0}
      aria-valuenow={50}
      className="progress-bar bg-danger progress-bar-animated progress-bar-striped"
      role="progressbar"
      style={
        Object {
          "width": "50%",
        }
      }
    />
  </div>
</div>
`;
