// Jest Snapshot v1, https://goo.gl/fbAQLP

exports[`<Tooltip /> renders a tooltip 1`] = `
<div
  onBlur={[Function]}
  onFocus={[Function]}
  onMouseOut={[Function]}
  onMouseOver={[Function]}
/>
`;

exports[`<Tooltip /> renders a tooltip with custom placement 1`] = `
<div
  onBlur={[Function]}
  onFocus={[Function]}
  onMouseOut={[Function]}
  onMouseOver={[Function]}
/>
`;

exports[`<Tooltip /> renders an inactive tooltip 1`] = `<div />`;
